2026-07-11 23:27:32,879 - [ATTEMPT 1] Trying: 123456 FAILED
2026-07-11 23:27:32,930 - [ATTEMPT 2] Trying: password FAILED
2026-07-11 23:27:32,980 - [ATTEMPT 3] Trying: admin FAILED
2026-07-11 23:27:33,032 - [ATTEMPT 4] Trying: letmein FAILED
2026-07-11 23:27:33,083 - [ATTEMPT 5] Trying: h4ck3r99 PASSWORD FOUND
2026-07-11 23:30:18,871 - [ATTEMPT 1] Trying: 123456 FAILED
2026-07-11 23:30:18,922 - [ATTEMPT 2] Trying: password FAILED
2026-07-11 23:30:18,975 - [ATTEMPT 3] Trying: admin FAILED
2026-07-11 23:30:19,026 - [ATTEMPT 4] Trying: letmein FAILED
2026-07-11 23:30:19,106 - [ATTEMPT 5] Trying: h4ck3r99 PASSWORD FOUND
2026-07-11 23:48:57,577 - [ATTEMPT 1] Trying: 123456 FAILED
2026-07-11 23:48:57,628 - [ATTEMPT 2] Trying: password FAILED
2026-07-11 23:48:57,679 - [ATTEMPT 3] Trying: admin FAILED
2026-07-11 23:48:57,730 - [ATTEMPT 4] Trying: letmein FAILED
2026-07-11 23:48:57,781 - [ATTEMPT 5] Trying: h4ck3r99 PASSWORD FOUND
2026-07-12 22:16:59,191 - [ATTEMPT 1] Trying: 123456 FAILED
2026-07-12 22:16:59,242 - [ATTEMPT 2] Trying: password FAILED
2026-07-12 22:16:59,293 - [ATTEMPT 3] Trying: admin FAILED
2026-07-12 22:16:59,343 - [ATTEMPT 4] Trying: letmein FAILED
2026-07-12 22:16:59,396 - [ATTEMPT 5] Trying: h4ck3r99 PASSWORD FOUND
2026-07-12 22:48:46,195 - [ATTEMPT 1] Trying: 123456 FAILED
2026-07-12 22:48:46,246 - [ATTEMPT 2] Trying: password FAILED
2026-07-12 22:48:46,297 - [ATTEMPT 3] Trying: admin FAILED
2026-07-12 22:48:46,347 - [ATTEMPT 4] Trying: letmein FAILED
2026-07-12 22:48:46,398 - [ATTEMPT 5] Trying: h4ck3r99 PASSWORD FOUND
2026-07-12 22:48:46,529 - [ATTEMPT 1] Trying: 123456 FAILED
2026-07-12 22:48:46,580 - [ATTEMPT 2] Trying: password FAILED
2026-07-12 22:48:46,631 - [ATTEMPT 3] Trying: admin FAILED
2026-07-12 22:48:46,681 - [ATTEMPT 4] Trying: letmein FAILED
2026-07-12 22:48:46,732 - [ATTEMPT 5] Trying: h4ck3r99 PASSWORD FOUND
2026-07-12 22:48:54,014 - [ATTEMPT 1] Trying: 123456 FAILED
2026-07-12 22:48:54,064 - [ATTEMPT 2] Trying: password FAILED
2026-07-12 22:48:54,115 - [ATTEMPT 3] Trying: admin FAILED
2026-07-12 22:48:54,166 - [ATTEMPT 4] Trying: letmein FAILED
2026-07-12 22:48:54,217 - [ATTEMPT 5] Trying: h4ck3r99 PASSWORD FOUND
