2026-07-12 22:42:39,209 - [ATTEMPT 1] Trying:admin : 123456 FAILED
2026-07-12 22:42:39,909 - [ATTEMPT 2] Trying:admin : password FAILED
2026-07-12 22:42:40,518 - [ATTEMPT 3] Trying:admin : admin FAILED
2026-07-12 22:42:41,150 - [ATTEMPT 4] Trying:admin : test123 FAILED
2026-07-12 22:42:41,819 - [ATTEMPT 5] Trying:admin : admin123 FAILED
2026-07-12 22:42:42,587 - [ATTEMPT 6] Trying:user : 123456 FAILED
2026-07-12 22:42:43,248 - [ATTEMPT 7] Trying:user : password FAILED
2026-07-12 22:42:43,872 - [ATTEMPT 8] Trying:user : admin FAILED
2026-07-12 22:42:44,708 - [ATTEMPT 9] Trying:user : test123 FAILED
2026-07-12 22:42:45,538 - [ATTEMPT 10] Trying:user : admin123 FAILED
2026-07-12 22:42:46,348 - [ATTEMPT 11] Trying:test : 123456 FAILED
2026-07-12 22:42:47,078 - [ATTEMPT 12] Trying:test : password FAILED
2026-07-12 22:42:47,802 - [ATTEMPT 13] Trying:test : admin FAILED
2026-07-12 22:42:48,520 - [ATTEMPT 14] Trying:test : test123 FAILED
2026-07-12 22:42:49,155 - [ATTEMPT 15] Trying:test : admin123 FAILED
2026-07-12 22:42:49,798 - [ATTEMPT 16] Trying:guest : 123456 FAILED
2026-07-12 22:42:50,648 - [ATTEMPT 17] Trying:guest : password FAILED
2026-07-12 22:42:51,477 - [ATTEMPT 18] Trying:guest : admin FAILED
2026-07-12 22:42:52,287 - [ATTEMPT 19] Trying:guest : test123 FAILED
2026-07-12 22:42:53,211 - [ATTEMPT 20] Trying:guest : admin123 FAILED
2026-07-12 22:42:54,166 - [ATTEMPT 21] Trying:administrator : 123456 FAILED
2026-07-12 22:42:54,947 - [ATTEMPT 22] Trying:administrator : password FAILED
2026-07-12 22:42:55,890 - [ATTEMPT 23] Trying:administrator : admin FAILED
2026-07-12 22:42:56,589 - [ATTEMPT 24] Trying:administrator : test123 FAILED
2026-07-12 22:42:57,333 - [ATTEMPT 25] Trying:administrator : admin123 FAILED
2026-07-12 22:58:23,716 - [ATTEMPT 1] Trying:admin : 123456 FAILED
2026-07-12 22:58:24,123 - [ATTEMPT 2] Trying:admin : password FAILED
2026-07-12 22:58:24,432 - [ATTEMPT 3] Trying:admin : admin FAILED
2026-07-12 22:58:24,751 - [ATTEMPT 4] Trying:admin : test123 FAILED
2026-07-12 22:58:25,209 - [ATTEMPT 5] Trying:admin : admin123 FAILED
2026-07-12 22:58:25,557 - [ATTEMPT 6] Trying:user : 123456 FAILED
2026-07-12 22:58:25,967 - [ATTEMPT 7] Trying:user : password FAILED
2026-07-12 22:58:26,275 - [ATTEMPT 8] Trying:user : admin FAILED
2026-07-12 22:58:27,100 - [ATTEMPT 9] Trying:user : test123 FAILED
2026-07-12 22:58:27,952 - [ATTEMPT 10] Trying:user : admin123 FAILED
2026-07-12 22:58:28,977 - [ATTEMPT 11] Trying:test : 123456 FAILED
2026-07-12 22:58:29,997 - [ATTEMPT 12] Trying:test : password FAILED
2026-07-12 22:58:31,355 - [ATTEMPT 13] Trying:test : admin FAILED
2026-07-12 22:58:31,649 - [ATTEMPT 14] Trying:test : test123 FAILED
2026-07-12 22:58:31,945 - [ATTEMPT 15] Trying:test : admin123 FAILED
2026-07-12 22:58:32,251 - [ATTEMPT 16] Trying:guest : 123456 FAILED
2026-07-12 22:58:32,567 - [ATTEMPT 17] Trying:guest : password FAILED
2026-07-12 22:58:32,884 - [ATTEMPT 18] Trying:guest : admin FAILED
2026-07-12 22:58:33,206 - [ATTEMPT 19] Trying:guest : test123 FAILED
2026-07-12 22:58:33,546 - [ATTEMPT 20] Trying:guest : admin123 FAILED
2026-07-12 22:58:33,953 - [ATTEMPT 21] Trying:administrator : 123456 FAILED
2026-07-12 22:58:34,365 - [ATTEMPT 22] Trying:administrator : password FAILED
2026-07-12 22:58:34,773 - [ATTEMPT 23] Trying:administrator : admin FAILED
2026-07-12 22:58:35,150 - [ATTEMPT 24] Trying:administrator : test123 FAILED
2026-07-12 22:58:36,001 - [ATTEMPT 25] Trying:administrator : admin123 FAILED
2026-07-14 14:45:21,955 - [ATTEMPT 1] Trying:admin : 123456 FAILED
2026-07-14 14:45:22,263 - [ATTEMPT 2] Trying:admin : password FAILED
2026-07-14 14:45:22,574 - [ATTEMPT 3] Trying:admin : admin FAILED
2026-07-14 14:45:22,876 - [ATTEMPT 4] Trying:admin : test123 FAILED
2026-07-14 14:45:23,285 - [ATTEMPT 5] Trying:admin : admin123 FAILED
2026-07-14 14:45:23,696 - [ATTEMPT 6] Trying:user : 123456 FAILED
2026-07-14 14:45:24,003 - [ATTEMPT 7] Trying:user : password FAILED
2026-07-14 14:45:24,413 - [ATTEMPT 8] Trying:user : admin FAILED
2026-07-14 14:45:24,719 - [ATTEMPT 9] Trying:user : test123 FAILED
2026-07-14 14:45:25,131 - [ATTEMPT 10] Trying:user : admin123 FAILED
2026-07-14 14:45:25,438 - [ATTEMPT 11] Trying:test : 123456 FAILED
2026-07-14 14:45:25,846 - [ATTEMPT 12] Trying:test : password FAILED
2026-07-14 14:46:22,570 - [close]
2026-07-14 14:46:22,573 - [close]
2026-07-14 14:46:22,574 - [close]
2026-07-14 14:46:22,575 - [close]
2026-07-14 14:46:22,575 - [close]
2026-07-14 14:46:22,576 - [close]
2026-07-14 14:46:22,577 - [close]
2026-07-14 14:46:22,577 - [close]
2026-07-14 14:46:22,578 - [close]
2026-07-14 14:46:22,579 - [close]
2026-07-14 14:46:22,579 - [close]
2026-07-14 14:46:22,579 - [close]
2026-07-14 14:46:22,579 - [close]
2026-07-14 14:46:22,580 - [close]
2026-07-14 14:46:22,580 - [close]
2026-07-14 14:46:22,580 - [close]
2026-07-14 14:46:22,580 - [close]
2026-07-14 14:46:22,581 - [close]
2026-07-14 14:46:22,581 - [close]
2026-07-14 14:46:22,581 - [close]
2026-07-14 14:46:22,581 - [close]
2026-07-14 14:46:22,581 - [close]
2026-07-14 14:46:22,582 - [close]
2026-07-14 14:46:22,582 - [close]
2026-07-14 14:46:22,582 - [close]
2026-07-14 14:46:22,582 - [close]
2026-07-14 14:46:22,582 - [close]
2026-07-14 14:46:22,583 - [close]
2026-07-14 14:46:22,583 - [close]
2026-07-14 14:46:22,583 - [close]
2026-07-14 14:46:22,583 - [close]
2026-07-14 14:46:22,583 - [close]
2026-07-14 14:46:22,584 - [close]
2026-07-14 14:46:22,584 - [close]
2026-07-14 14:46:22,584 - [close]
2026-07-14 14:46:22,584 - [close]
2026-07-14 14:46:22,585 - [close]
2026-07-14 14:46:22,585 - [close]
2026-07-14 14:46:22,585 - [close]
2026-07-14 14:46:22,585 - [close]
2026-07-14 14:46:22,585 - [close]
2026-07-14 14:46:22,586 - [close]
2026-07-14 14:46:22,586 - [close]
2026-07-14 14:46:22,586 - [close]
2026-07-14 14:46:22,586 - [close]
2026-07-14 14:46:22,587 - [close]
2026-07-14 14:46:22,587 - [close]
2026-07-14 14:46:22,587 - [close]
2026-07-14 14:46:22,588 - [close]
2026-07-14 14:46:22,588 - [close]
2026-07-14 14:46:22,588 - [close]
2026-07-14 14:46:22,588 - [close]
2026-07-14 14:46:22,589 - [close]
2026-07-14 14:46:22,589 - [close]
2026-07-14 14:46:22,589 - [close]
2026-07-14 14:46:22,590 - [close]
